# 3.5. Файловые системы

1. sparse-файлы это файлы, в которых последовательности нулевых байтов заменены на информацию об этих последовательностях. Эта информация хранится в метаданных файловой системы. Размер файла на диске таким образом становится меньше, потому что нулевые байты не хранятся внутри файла. Но при этом если место на диске закончится, то записать что-то в дыры уже будет нельзя, потому что их нет в файле - только информация о них в метаданных ФС.
2. Жесткие ссылки на один и тот же объект файловой системы не могут иметь разные права, потому что права определяются не для ссылки, а для самого объекта.
3. Удаляем старую и запускаем новую машину 
```
vagrant destroy
vagrant up
```
4. Используя `fdisk`, разбейте первый диск на 2 раздела: 2 Гб, оставшееся пространство.

```bash
vagrant@vagrant:~$ sudo fdisk /dev/sdb

Welcome to fdisk (util-linux 2.34).
Changes will remain in memory only, until you decide to write them.
Be careful before using the write command.

Device does not contain a recognized partition table.
Created a new DOS disklabel with disk identifier 0xcdc9f0d2.

Command (m for help): n
Partition type
   p   primary (0 primary, 0 extended, 4 free)
   e   extended (container for logical partitions)
Select (default p): p
Partition number (1-4, default 1): 
First sector (2048-5242879, default 2048): 
Last sector, +/-sectors or +/-size{K,M,G,T,P} (2048-5242879, default 5242879): +2G

Created a new partition 1 of type 'Linux' and of size 2 GiB.

Command (m for help): n
Partition type
   p   primary (1 primary, 0 extended, 3 free)
   e   extended (container for logical partitions)
Select (default p): 

Using default response p.
Partition number (2-4, default 2): 
First sector (4196352-5242879, default 4196352): 
Last sector, +/-sectors or +/-size{K,M,G,T,P} (4196352-5242879, default 5242879): 

Created a new partition 2 of type 'Linux' and of size 511 MiB.

Command (m for help): w
The partition table has been altered.
Calling ioctl() to re-read partition table.
Syncing disks.

vagrant@vagrant:~$ sudo fdisk -l /dev/sdb
Disk /dev/sdb: 2.51 GiB, 2684354560 bytes, 5242880 sectors
Disk model: VBOX HARDDISK   
Units: sectors of 1 * 512 = 512 bytes
Sector size (logical/physical): 512 bytes / 512 bytes
I/O size (minimum/optimal): 512 bytes / 512 bytes
Disklabel type: dos
Disk identifier: 0xcdc9f0d2

Device     Boot   Start     End Sectors  Size Id Type
/dev/sdb1          2048 4196351 4194304    2G 83 Linux
/dev/sdb2       4196352 5242879 1046528  511M 83 Linux
```
5. Используя `sfdisk`, перенесите данную таблицу разделов на второй диск.

```bash
vagrant@vagrant:~$ sudo sfdisk -d /dev/sdb > part_table
vagrant@vagrant:~$ sudo sfdisk /dev/sdc < part_table
Checking that no-one is using this disk right now ... OK

Disk /dev/sdc: 2.51 GiB, 2684354560 bytes, 5242880 sectors
Disk model: VBOX HARDDISK   
Units: sectors of 1 * 512 = 512 bytes
Sector size (logical/physical): 512 bytes / 512 bytes
I/O size (minimum/optimal): 512 bytes / 512 bytes
Disklabel type: dos
Disk identifier: 0x6d38b858

Old situation:

>>> Script header accepted.
>>> Script header accepted.
>>> Script header accepted.
>>> Script header accepted.
>>> Created a new DOS disklabel with disk identifier 0xcdc9f0d2.
/dev/sdc1: Created a new partition 1 of type 'Linux' and of size 2 GiB.
/dev/sdc2: Created a new partition 2 of type 'Linux' and of size 511 MiB.
/dev/sdc3: Done.

New situation:
Disklabel type: dos
Disk identifier: 0xcdc9f0d2

Device     Boot   Start     End Sectors  Size Id Type
/dev/sdc1          2048 4196351 4194304    2G 83 Linux
/dev/sdc2       4196352 5242879 1046528  511M 83 Linux

The partition table has been altered.
Calling ioctl() to re-read partition table.
Syncing disks.
```
6. Соберите mdadm RAID1 на паре разделов 2 Гб.
```bash
vagrant@vagrant:~$ sudo mdadm --create --verbose /dev/md0 --level=1 --raid-devices=2 /dev/sdb1 /dev/sdc1
mdadm: Note: this array has metadata at the start and
    may not be suitable as a boot device.  If you plan to
    store '/boot' on this device please ensure that
    your boot-loader understands md/v1.x metadata, or use
    --metadata=0.90
mdadm: size set to 2094080K
Continue creating array? y
mdadm: Defaulting to version 1.2 metadata
mdadm: array /dev/md0 started.
```
7. Соберите mdadm RAID0 на второй паре маленьких разделов.
```bash
vagrant@vagrant:~$ sudo mdadm --create --verbose /dev/md1 --level=0 --raid-devices=2 /dev/sdb2 /dev/sdc2
mdadm: chunk size defaults to 512K
mdadm: Defaulting to version 1.2 metadata
mdadm: array /dev/md1 started.
```
8. Создайте 2 независимых PV на получившихся md-устройствах.
```bash
root@vagrant:/home/vagrant# pvcreate /dev/md0
  Physical volume "/dev/md0" successfully created.
root@vagrant:/home/vagrant# pvcreate /dev/md1
  Physical volume "/dev/md1" successfully created.
```
9. Создайте общую volume-group на этих двух PV.
```bash
root@vagrant:/home/vagrant# vgcreate vgmd0 /dev/md0 /dev/md1
  Volume group "vgmd0" successfully created
```
10. Создайте LV размером 100 Мб, указав его расположение на PV с RAID0.
```bash
root@vagrant:/home/vagrant# lvcreate -L 100M -n lv_pv1 vgmd0 /dev/md1
  Logical volume "lv_pv1" created.
```
11. Создайте `mkfs.ext4` ФС на получившемся LV.
```bash
root@vagrant:/home/vagrant# mkfs.ext4 /dev/vgmd0/lv_pv1
mke2fs 1.45.5 (07-Jan-2020)
Creating filesystem with 25600 4k blocks and 25600 inodes

Allocating group tables: done                            
Writing inode tables: done                            
Creating journal (1024 blocks): done
Writing superblocks and filesystem accounting information: done
```
12. Смонтируйте этот раздел в любую директорию, например, `/tmp/new`.
```bash
root@vagrant:/home/vagrant# mkdir /tmp/new
root@vagrant:/home/vagrant# mount /dev/vgmd0/lv_pv1 /tmp/new
```
13. Поместите туда тестовый файл, например `wget https://mirror.yandex.ru/ubuntu/ls-lR.gz -O /tmp/new/test.gz`.
```bash
root@vagrant:/home/vagrant# wget https://mirror.yandex.ru/ubuntu/ls-lR.gz -O /tmp/new/test.gz
--2022-10-01 18:45:56--  https://mirror.yandex.ru/ubuntu/ls-lR.gz
Resolving mirror.yandex.ru (mirror.yandex.ru)... 213.180.204.183, 2a02:6b8::183
Connecting to mirror.yandex.ru (mirror.yandex.ru)|213.180.204.183|:443... connected.
HTTP request sent, awaiting response... 200 OK
Length: 22347327 (21M) [application/octet-stream]
Saving to: ‘/tmp/new/test.gz’

/tmp/new/test.gz                                    100%[=================================================================================================================>]  21.31M  4.54MB/s    in 5.0s    

2022-10-01 18:46:01 (4.29 MB/s) - ‘/tmp/new/test.gz’ saved [22347327/22347327] 
```
14. Прикрепите вывод `lsblk`.
```bash
root@vagrant:/home/vagrant# lsblk
NAME                      MAJ:MIN RM  SIZE RO TYPE  MOUNTPOINT
loop0                       7:0    0 67.2M  1 loop  /snap/lxd/21835
loop1                       7:1    0 43.6M  1 loop  /snap/snapd/14978
loop2                       7:2    0 61.9M  1 loop  /snap/core20/1328
loop3                       7:3    0   48M  1 loop  /snap/snapd/17029
loop4                       7:4    0 63.2M  1 loop  /snap/core20/1623
loop5                       7:5    0 67.8M  1 loop  /snap/lxd/22753
sda                         8:0    0   64G  0 disk  
├─sda1                      8:1    0    1M  0 part  
├─sda2                      8:2    0  1.5G  0 part  /boot
└─sda3                      8:3    0 62.5G  0 part  
  └─ubuntu--vg-ubuntu--lv 253:0    0 31.3G  0 lvm   /
sdb                         8:16   0  2.5G  0 disk  
├─sdb1                      8:17   0    2G  0 part  
│ └─md0                     9:0    0    2G  0 raid1 
└─sdb2                      8:18   0  511M  0 part  
  └─md1                     9:1    0 1018M  0 raid0 
    └─vgmd0-lv_pv1        253:1    0  100M  0 lvm   /tmp/new
sdc                         8:32   0  2.5G  0 disk  
├─sdc1                      8:33   0    2G  0 part  
│ └─md0                     9:0    0    2G  0 raid1 
└─sdc2                      8:34   0  511M  0 part  
  └─md1                     9:1    0 1018M  0 raid0 
    └─vgmd0-lv_pv1        253:1    0  100M  0 lvm   /tmp/new
```
15. Протестируйте целостность файла:
```bash
root@vagrant:/home/vagrant# gzip -t /tmp/new/test.gz
root@vagrant:/home/vagrant# echo $?
0
```
16. Используя pvmove, переместите содержимое PV с RAID0 на RAID1.
```bash
root@vagrant:/home/vagrant# pvmove /dev/md1 /dev/md0
  /dev/md1: Moved: 20.00%
  /dev/md1: Moved: 100.00%
```
17. Сделайте `--fail` на устройство в вашем RAID1 md.
```bash
root@vagrant:/home/vagrant# mdadm --fail /dev/md0 /dev/sdb1
mdadm: set /dev/sdb1 faulty in /dev/md0
```
18. Подтвердите выводом `dmesg`, что RAID1 работает в деградированном состоянии.
```bash
root@vagrant:/home/vagrant# dmesg | tail -10
[ 3240.526847] md/raid1:md0: not clean -- starting background reconstruction
[ 3240.526848] md/raid1:md0: active with 2 out of 2 mirrors
[ 3240.526857] md0: detected capacity change from 0 to 2144337920
[ 3240.530641] md: resync of RAID array md0
[ 3250.959574] md: md0: resync done.
[ 3439.785291] md1: detected capacity change from 0 to 1067450368
[ 7433.768860] EXT4-fs (dm-1): mounted filesystem with ordered data mode. Opts: (null)
[ 7433.768864] ext4 filesystem being mounted at /tmp/new supports timestamps until 2038 (0x7fffffff)
[ 8133.202711] md/raid1:md0: Disk failure on sdb1, disabling device.
               md/raid1:md0: Operation continuing on 1 devices.
```
19. Протестируйте целостность файла, несмотря на "сбойный" диск он должен продолжать быть доступен:
```bash
root@vagrant:/home/vagrant# gzip -t /tmp/new/test.gz
root@vagrant:/home/vagrant# echo $?
0
```
20. Погасите тестовый хост, vagrant destroy.
```bash
ksenkso@desktop:~/devops/devops-netology/vagrant$ vagrant destroy
    default: Are you sure you want to destroy the 'default' VM? [y/N] y
==> default: Forcing shutdown of VM...
==> default: Destroying VM and associated drives...

```
